Component: ARM Compiler 5.06 update 6 (build 750) Tool: armlink [4d35ed]

==============================================================================

Section Cross References

    main.o(i.EXTI0_1_IRQHandler) refers to main.o(.data) for IRQ_Flag
    main.o(i.TIM17_IRQHandler) refers to main.o(i.TimingDelayDec) for TimingDelayDec
    main.o(i.TimingDelayDec) refers to main.o(.data) for TimingDelay
    main.o(i.delay_ms) refers to main.o(.data) for TimingDelay
    main.o(i.initial) refers to main.o(i.__NVIC_EnableIRQ) for __NVIC_EnableIRQ
    main.o(i.initial) refers to main.o(i.__NVIC_SetPriority) for __NVIC_SetPriority
    main.o(i.main) refers to main.o(i.initial) for initial
    main.o(i.main) refers to main.o(i.delay_ms) for delay_ms
    main.o(i.main) refers to ssd1306.o(i.LCD_Init) for LCD_Init
    main.o(i.main) refers to ssd1306.o(i.LCD_Clear) for LCD_Clear
    main.o(i.main) refers to ssd1306.o(i.LCD_Gotoxy) for LCD_Gotoxy
    main.o(i.main) refers to ssd1306.o(i.LCD_PrintStr) for LCD_PrintStr
    main.o(i.main) refers to rc522.o(i.MFRC522_Init) for MFRC522_Init
    main.o(i.main) refers to rc522.o(i.MFRC522_Request) for MFRC522_Request
    main.o(i.main) refers to ssd1306.o(i.LCD_PrintHex) for LCD_PrintHex
    main.o(i.main) refers to rc522.o(i.MFRC522_Anticoll) for MFRC522_Anticoll
    main.o(i.main) refers to rc522.o(i.MFRC522_SelectTag) for MFRC522_SelectTag
    main.o(i.main) refers to ssd1306.o(i.LCD_PrintDec) for LCD_PrintDec
    main.o(i.main) refers to rc522.o(i.MFRC522_Auth) for MFRC522_Auth
    main.o(i.main) refers to rc522.o(i.MFRC522_Read) for MFRC522_Read
    main.o(i.main) refers to ssd1306.o(i.LCD_ClearStr) for LCD_ClearStr
    main.o(i.main) refers to rc522.o(i.MFRC522_Halt) for MFRC522_Halt
    main.o(i.main) refers to rc522.o(i.MFRC522_AntennaOff) for MFRC522_AntennaOff
    main.o(i.main) refers to main.o(.data) for sec_tic
    main.o(i.main) refers to main.o(.bss) for str
    ssd1306.o(i.CMD) refers to ssd1306.o(i.I2C_write) for I2C_write
    ssd1306.o(i.Flip_mode) refers to ssd1306.o(i.I2C_Start) for I2C_Start
    ssd1306.o(i.Flip_mode) refers to ssd1306.o(i.CMD) for CMD
    ssd1306.o(i.Flip_mode) refers to ssd1306.o(i.I2C_Stop) for I2C_Stop
    ssd1306.o(i.I2C_Stop) refers to ssd1306.o(i.WaitISRBitSet) for WaitISRBitSet
    ssd1306.o(i.I2C_write) refers to ssd1306.o(i.WaitISRBitSet) for WaitISRBitSet
    ssd1306.o(i.LCD_Char) refers to ssd1306.o(i.I2C_Start) for I2C_Start
    ssd1306.o(i.LCD_Char) refers to ssd1306.o(i.I2C_write) for I2C_write
    ssd1306.o(i.LCD_Char) refers to ssd1306.o(i.I2C_Stop) for I2C_Stop
    ssd1306.o(i.LCD_Char) refers to ssd1306.o(.constdata) for font
    ssd1306.o(i.LCD_Clear) refers to ssd1306.o(i.I2C_Start) for I2C_Start
    ssd1306.o(i.LCD_Clear) refers to ssd1306.o(i.CMD) for CMD
    ssd1306.o(i.LCD_Clear) refers to ssd1306.o(i.I2C_write) for I2C_write
    ssd1306.o(i.LCD_Clear) refers to ssd1306.o(i.I2C_Stop) for I2C_Stop
    ssd1306.o(i.LCD_ClearStr) refers to ssd1306.o(i.LCD_Gotoxy) for LCD_Gotoxy
    ssd1306.o(i.LCD_ClearStr) refers to ssd1306.o(i.I2C_Start) for I2C_Start
    ssd1306.o(i.LCD_ClearStr) refers to ssd1306.o(i.CMD) for CMD
    ssd1306.o(i.LCD_ClearStr) refers to ssd1306.o(i.I2C_write) for I2C_write
    ssd1306.o(i.LCD_ClearStr) refers to ssd1306.o(i.I2C_Stop) for I2C_Stop
    ssd1306.o(i.LCD_Gotoxy) refers to ssd1306.o(i.I2C_Start) for I2C_Start
    ssd1306.o(i.LCD_Gotoxy) refers to ssd1306.o(i.CMD) for CMD
    ssd1306.o(i.LCD_Gotoxy) refers to ssd1306.o(i.I2C_Stop) for I2C_Stop
    ssd1306.o(i.LCD_Init) refers to ssd1306.o(i.I2C_Start) for I2C_Start
    ssd1306.o(i.LCD_Init) refers to ssd1306.o(i.CMD) for CMD
    ssd1306.o(i.LCD_Init) refers to ssd1306.o(i.I2C_Stop) for I2C_Stop
    ssd1306.o(i.LCD_Init) refers to ssd1306.o(.constdata) for init_lcd
    ssd1306.o(i.LCD_PrintBin) refers to ssd1306.o(i.LCD_Char) for LCD_Char
    ssd1306.o(i.LCD_PrintDec) refers to aeabi_sdiv.o(.text) for __aeabi_uidivmod
    ssd1306.o(i.LCD_PrintDec) refers to ssd1306.o(i.LCD_Char) for LCD_Char
    ssd1306.o(i.LCD_PrintHex) refers to llmul.o(.text) for __aeabi_lmul
    ssd1306.o(i.LCD_PrintHex) refers to ssd1306.o(i.LCD_Char) for LCD_Char
    ssd1306.o(i.LCD_PrintStr) refers to ssd1306.o(i.LCD_Char) for LCD_Char
    ssd1306.o(i.LCD_mode) refers to ssd1306.o(i.I2C_Start) for I2C_Start
    ssd1306.o(i.LCD_mode) refers to ssd1306.o(i.CMD) for CMD
    ssd1306.o(i.LCD_mode) refers to ssd1306.o(i.I2C_Stop) for I2C_Stop
    ssd1306.o(i.scroll_area) refers to ssd1306.o(i.I2C_Start) for I2C_Start
    ssd1306.o(i.scroll_area) refers to ssd1306.o(i.CMD) for CMD
    ssd1306.o(i.scroll_area) refers to ssd1306.o(i.I2C_Stop) for I2C_Stop
    ssd1306.o(i.scroll_vleft) refers to ssd1306.o(i.I2C_Start) for I2C_Start
    ssd1306.o(i.scroll_vleft) refers to ssd1306.o(i.CMD) for CMD
    ssd1306.o(i.scroll_vleft) refers to ssd1306.o(i.I2C_Stop) for I2C_Stop
    ssd1306.o(i.scroll_vright) refers to ssd1306.o(i.I2C_Start) for I2C_Start
    ssd1306.o(i.scroll_vright) refers to ssd1306.o(i.CMD) for CMD
    ssd1306.o(i.scroll_vright) refers to ssd1306.o(i.I2C_Stop) for I2C_Stop
    ssd1306.o(i.slide_left) refers to ssd1306.o(i.I2C_Start) for I2C_Start
    ssd1306.o(i.slide_left) refers to ssd1306.o(i.CMD) for CMD
    ssd1306.o(i.slide_left) refers to ssd1306.o(i.I2C_Stop) for I2C_Stop
    ssd1306.o(i.slide_right) refers to ssd1306.o(i.I2C_Start) for I2C_Start
    ssd1306.o(i.slide_right) refers to ssd1306.o(i.CMD) for CMD
    ssd1306.o(i.slide_right) refers to ssd1306.o(i.I2C_Stop) for I2C_Stop
    ssd1306.o(i.start_slide) refers to ssd1306.o(i.I2C_Start) for I2C_Start
    ssd1306.o(i.start_slide) refers to ssd1306.o(i.CMD) for CMD
    ssd1306.o(i.start_slide) refers to ssd1306.o(i.I2C_Stop) for I2C_Stop
    ssd1306.o(i.stop_slide) refers to ssd1306.o(i.I2C_Start) for I2C_Start
    ssd1306.o(i.stop_slide) refers to ssd1306.o(i.CMD) for CMD
    ssd1306.o(i.stop_slide) refers to ssd1306.o(i.I2C_Stop) for I2C_Stop
    rc522.o(i.MFRC522_AntennaOff) refers to rc522.o(i.MFRC522_ClearBitMask) for MFRC522_ClearBitMask
    rc522.o(i.MFRC522_AntennaOn) refers to rc522.o(i.MFRC522_ReadRegister) for MFRC522_ReadRegister
    rc522.o(i.MFRC522_AntennaOn) refers to rc522.o(i.MFRC522_SetBitMask) for MFRC522_SetBitMask
    rc522.o(i.MFRC522_Anticoll) refers to rc522.o(i.MFRC522_WriteRegister) for MFRC522_WriteRegister
    rc522.o(i.MFRC522_Anticoll) refers to rc522.o(i.MFRC522_ToCard) for MFRC522_ToCard
    rc522.o(i.MFRC522_Auth) refers to rc522.o(i.MFRC522_ToCard) for MFRC522_ToCard
    rc522.o(i.MFRC522_Auth) refers to rc522.o(i.MFRC522_ReadRegister) for MFRC522_ReadRegister
    rc522.o(i.MFRC522_CalculateCRC) refers to rc522.o(i.MFRC522_ClearBitMask) for MFRC522_ClearBitMask
    rc522.o(i.MFRC522_CalculateCRC) refers to rc522.o(i.MFRC522_SetBitMask) for MFRC522_SetBitMask
    rc522.o(i.MFRC522_CalculateCRC) refers to rc522.o(i.MFRC522_WriteRegister) for MFRC522_WriteRegister
    rc522.o(i.MFRC522_CalculateCRC) refers to rc522.o(i.MFRC522_ReadRegister) for MFRC522_ReadRegister
    rc522.o(i.MFRC522_Check) refers to rc522.o(i.MFRC522_Request) for MFRC522_Request
    rc522.o(i.MFRC522_Check) refers to rc522.o(i.MFRC522_Anticoll) for MFRC522_Anticoll
    rc522.o(i.MFRC522_Check) refers to rc522.o(i.MFRC522_Halt) for MFRC522_Halt
    rc522.o(i.MFRC522_ClearBitMask) refers to rc522.o(i.MFRC522_ReadRegister) for MFRC522_ReadRegister
    rc522.o(i.MFRC522_ClearBitMask) refers to rc522.o(i.MFRC522_WriteRegister) for MFRC522_WriteRegister
    rc522.o(i.MFRC522_Halt) refers to rc522.o(i.MFRC522_CalculateCRC) for MFRC522_CalculateCRC
    rc522.o(i.MFRC522_Halt) refers to rc522.o(i.MFRC522_ToCard) for MFRC522_ToCard
    rc522.o(i.MFRC522_Init) refers to rc522.o(i.MFRC522_Reset) for MFRC522_Reset
    rc522.o(i.MFRC522_Init) refers to rc522.o(i.MFRC522_WriteRegister) for MFRC522_WriteRegister
    rc522.o(i.MFRC522_Init) refers to rc522.o(i.MFRC522_AntennaOn) for MFRC522_AntennaOn
    rc522.o(i.MFRC522_Read) refers to rc522.o(i.MFRC522_CalculateCRC) for MFRC522_CalculateCRC
    rc522.o(i.MFRC522_Read) refers to rc522.o(i.MFRC522_ToCard) for MFRC522_ToCard
    rc522.o(i.MFRC522_ReadRegister) refers to rc522.o(i.SPI1_ReadReg) for SPI1_ReadReg
    rc522.o(i.MFRC522_Request) refers to rc522.o(i.MFRC522_WriteRegister) for MFRC522_WriteRegister
    rc522.o(i.MFRC522_Request) refers to rc522.o(i.MFRC522_ToCard) for MFRC522_ToCard
    rc522.o(i.MFRC522_Reset) refers to rc522.o(i.MFRC522_WriteRegister) for MFRC522_WriteRegister
    rc522.o(i.MFRC522_SelectTag) refers to rc522.o(i.MFRC522_CalculateCRC) for MFRC522_CalculateCRC
    rc522.o(i.MFRC522_SelectTag) refers to rc522.o(i.MFRC522_ToCard) for MFRC522_ToCard
    rc522.o(i.MFRC522_SetBitMask) refers to rc522.o(i.MFRC522_ReadRegister) for MFRC522_ReadRegister
    rc522.o(i.MFRC522_SetBitMask) refers to rc522.o(i.MFRC522_WriteRegister) for MFRC522_WriteRegister
    rc522.o(i.MFRC522_ToCard) refers to rc522.o(i.MFRC522_WriteRegister) for MFRC522_WriteRegister
    rc522.o(i.MFRC522_ToCard) refers to rc522.o(i.MFRC522_ClearBitMask) for MFRC522_ClearBitMask
    rc522.o(i.MFRC522_ToCard) refers to rc522.o(i.MFRC522_SetBitMask) for MFRC522_SetBitMask
    rc522.o(i.MFRC522_ToCard) refers to rc522.o(i.MFRC522_ReadRegister) for MFRC522_ReadRegister
    rc522.o(i.MFRC522_Write) refers to rc522.o(i.MFRC522_CalculateCRC) for MFRC522_CalculateCRC
    rc522.o(i.MFRC522_Write) refers to rc522.o(i.MFRC522_ToCard) for MFRC522_ToCard
    rc522.o(i.MFRC522_WriteRegister) refers to rc522.o(i.SPI1_WriteReg) for SPI1_WriteReg
    startup_stm32f042x6.o(STACK) refers (Special) to heapauxi.o(.text) for __use_two_region_memory
    startup_stm32f042x6.o(HEAP) refers (Special) to heapauxi.o(.text) for __use_two_region_memory
    startup_stm32f042x6.o(RESET) refers (Special) to heapauxi.o(.text) for __use_two_region_memory
    startup_stm32f042x6.o(RESET) refers to startup_stm32f042x6.o(STACK) for __initial_sp
    startup_stm32f042x6.o(RESET) refers to startup_stm32f042x6.o(.text) for Reset_Handler
    startup_stm32f042x6.o(RESET) refers to main.o(i.EXTI0_1_IRQHandler) for EXTI0_1_IRQHandler
    startup_stm32f042x6.o(RESET) refers to main.o(i.TIM17_IRQHandler) for TIM17_IRQHandler
    startup_stm32f042x6.o(.text) refers (Special) to heapauxi.o(.text) for __use_two_region_memory
    startup_stm32f042x6.o(.text) refers to startup_stm32f042x6.o(STACK) for __initial_sp
    startup_stm32f042x6.o(.text) refers to system_stm32f0xx.o(i.SystemInit) for SystemInit
    startup_stm32f042x6.o(.text) refers to __main.o(!!!main) for __main
    startup_stm32f042x6.o(.text) refers to startup_stm32f042x6.o(HEAP) for Heap_Mem
    system_stm32f0xx.o(i.SystemCoreClockUpdate) refers to aeabi_sdiv.o(.text) for __aeabi_uidivmod
    system_stm32f0xx.o(i.SystemCoreClockUpdate) refers to system_stm32f0xx.o(.data) for SystemCoreClock
    system_stm32f0xx.o(i.SystemCoreClockUpdate) refers to system_stm32f0xx.o(.constdata) for AHBPrescTable
    __main.o(!!!main) refers to __rtentry.o(.ARM.Collect$$rtentry$$00000000) for __rt_entry
    __rtentry.o(.ARM.Collect$$rtentry$$00000000) refers (Special) to __rtentry2.o(.ARM.Collect$$rtentry$$0000000A) for __rt_entry_li
    __rtentry.o(.ARM.Collect$$rtentry$$00000000) refers (Special) to __rtentry2.o(.ARM.Collect$$rtentry$$0000000D) for __rt_entry_main
    __rtentry.o(.ARM.Collect$$rtentry$$00000000) refers (Special) to __rtentry2.o(.ARM.Collect$$rtentry$$0000000C) for __rt_entry_postli_1
    __rtentry.o(.ARM.Collect$$rtentry$$00000000) refers (Special) to __rtentry2.o(.ARM.Collect$$rtentry$$00000009) for __rt_entry_postsh_1
    __rtentry.o(.ARM.Collect$$rtentry$$00000000) refers (Special) to __rtentry2.o(.ARM.Collect$$rtentry$$00000002) for __rt_entry_presh_1
    __rtentry.o(.ARM.Collect$$rtentry$$00000000) refers (Special) to __rtentry4.o(.ARM.Collect$$rtentry$$00000004) for __rt_entry_sh
    aeabi_idiv0_sigfpe.o(.text) refers to rt_div0.o(.text) for __rt_div0
    __rtentry2.o(.ARM.Collect$$rtentry$$00000008) refers to boardinit2.o(.text) for _platform_post_stackheap_init
    __rtentry2.o(.ARM.Collect$$rtentry$$0000000A) refers to libinit.o(.ARM.Collect$$libinit$$00000000) for __rt_lib_init
    __rtentry2.o(.ARM.Collect$$rtentry$$0000000B) refers to boardinit3.o(.text) for _platform_post_lib_init
    __rtentry2.o(.ARM.Collect$$rtentry$$0000000D) refers to main.o(i.main) for main
    __rtentry2.o(.ARM.Collect$$rtentry$$0000000D) refers to exit.o(.text) for exit
    __rtentry2.o(.ARM.exidx) refers to __rtentry2.o(.ARM.Collect$$rtentry$$00000001) for .ARM.Collect$$rtentry$$00000001
    __rtentry2.o(.ARM.exidx) refers to __rtentry2.o(.ARM.Collect$$rtentry$$00000008) for .ARM.Collect$$rtentry$$00000008
    __rtentry2.o(.ARM.exidx) refers to __rtentry2.o(.ARM.Collect$$rtentry$$0000000A) for .ARM.Collect$$rtentry$$0000000A
    __rtentry2.o(.ARM.exidx) refers to __rtentry2.o(.ARM.Collect$$rtentry$$0000000B) for .ARM.Collect$$rtentry$$0000000B
    __rtentry2.o(.ARM.exidx) refers to __rtentry2.o(.ARM.Collect$$rtentry$$0000000D) for .ARM.Collect$$rtentry$$0000000D
    __rtentry4.o(.ARM.Collect$$rtentry$$00000004) refers to sys_stackheap_outer.o(.text) for __user_setup_stackheap
    __rtentry4.o(.ARM.exidx) refers to __rtentry4.o(.ARM.Collect$$rtentry$$00000004) for .ARM.Collect$$rtentry$$00000004
    rt_div0.o(.text) refers to defsig_fpe_outer.o(.text) for __rt_SIGFPE
    sys_stackheap_outer.o(.text) refers to libspace.o(.text) for __user_perproc_libspace
    sys_stackheap_outer.o(.text) refers to startup_stm32f042x6.o(.text) for __user_initial_stackheap
    sys_stackheap_outer.o(__vectab_stack_and_reset_area) refers to tempstk.o(.text) for __temporary_stack_top
    sys_stackheap_outer.o(__vectab_stack_and_reset_area) refers to __main.o(!!!main) for __main
    exit.o(.text) refers to rtexit.o(.ARM.Collect$$rtexit$$00000000) for __rt_exit
    defsig_fpe_outer.o(.text) refers to defsig_fpe_inner.o(.text) for __rt_SIGFPE_inner
    defsig_fpe_outer.o(.text) refers to defsig_exit.o(.text) for __sig_exit
    defsig_fpe_formal.o(.text) refers to rt_raise.o(.text) for __rt_raise
    libinit.o(.ARM.Collect$$libinit$$00000000) refers (Special) to libinit2.o(.ARM.Collect$$libinit$$0000002E) for __rt_lib_init_alloca_1
    libinit.o(.ARM.Collect$$libinit$$00000000) refers (Special) to libinit2.o(.ARM.Collect$$libinit$$0000002C) for __rt_lib_init_argv_1
    libinit.o(.ARM.Collect$$libinit$$00000000) refers (Special) to libinit2.o(.ARM.Collect$$libinit$$0000001B) for __rt_lib_init_atexit_1
    libinit.o(.ARM.Collect$$libinit$$00000000) refers (Special) to libinit2.o(.ARM.Collect$$libinit$$00000021) for __rt_lib_init_clock_1
    libinit.o(.ARM.Collect$$libinit$$00000000) refers (Special) to libinit2.o(.ARM.Collect$$libinit$$00000032) for __rt_lib_init_cpp_1
    libinit.o(.ARM.Collect$$libinit$$00000000) refers (Special) to libinit2.o(.ARM.Collect$$libinit$$00000030) for __rt_lib_init_exceptions_1
    libinit.o(.ARM.Collect$$libinit$$00000000) refers (Special) to libinit2.o(.ARM.Collect$$libinit$$00000002) for __rt_lib_init_fp_1
    libinit.o(.ARM.Collect$$libinit$$00000000) refers (Special) to libinit2.o(.ARM.Collect$$libinit$$0000001F) for __rt_lib_init_fp_trap_1
    libinit.o(.ARM.Collect$$libinit$$00000000) refers (Special) to libinit2.o(.ARM.Collect$$libinit$$00000023) for __rt_lib_init_getenv_1
    libinit.o(.ARM.Collect$$libinit$$00000000) refers (Special) to libinit2.o(.ARM.Collect$$libinit$$0000000A) for __rt_lib_init_heap_1
    libinit.o(.ARM.Collect$$libinit$$00000000) refers (Special) to libinit2.o(.ARM.Collect$$libinit$$00000011) for __rt_lib_init_lc_collate_1
    libinit.o(.ARM.Collect$$libinit$$00000000) refers (Special) to libinit2.o(.ARM.Collect$$libinit$$00000013) for __rt_lib_init_lc_ctype_1
    libinit.o(.ARM.Collect$$libinit$$00000000) refers (Special) to libinit2.o(.ARM.Collect$$libinit$$00000015) for __rt_lib_init_lc_monetary_1
    libinit.o(.ARM.Collect$$libinit$$00000000) refers (Special) to libinit2.o(.ARM.Collect$$libinit$$00000017) for __rt_lib_init_lc_numeric_1
    libinit.o(.ARM.Collect$$libinit$$00000000) refers (Special) to libinit2.o(.ARM.Collect$$libinit$$00000019) for __rt_lib_init_lc_time_1
    libinit.o(.ARM.Collect$$libinit$$00000000) refers (Special) to libinit2.o(.ARM.Collect$$libinit$$00000004) for __rt_lib_init_preinit_1
    libinit.o(.ARM.Collect$$libinit$$00000000) refers (Special) to libinit2.o(.ARM.Collect$$libinit$$0000000E) for __rt_lib_init_rand_1
    libinit.o(.ARM.Collect$$libinit$$00000000) refers (Special) to libinit2.o(.ARM.Collect$$libinit$$00000033) for __rt_lib_init_return
    libinit.o(.ARM.Collect$$libinit$$00000000) refers (Special) to libinit2.o(.ARM.Collect$$libinit$$0000001D) for __rt_lib_init_signal_1
    libinit.o(.ARM.Collect$$libinit$$00000000) refers (Special) to libinit2.o(.ARM.Collect$$libinit$$00000025) for __rt_lib_init_stdio_1
    libinit.o(.ARM.Collect$$libinit$$00000000) refers (Special) to libinit2.o(.ARM.Collect$$libinit$$0000000C) for __rt_lib_init_user_alloc_1
    libspace.o(.text) refers to libspace.o(.bss) for __libspace_start
    rtexit.o(.ARM.Collect$$rtexit$$00000000) refers (Special) to rtexit2.o(.ARM.Collect$$rtexit$$00000004) for __rt_exit_exit
    rtexit.o(.ARM.Collect$$rtexit$$00000000) refers (Special) to rtexit2.o(.ARM.Collect$$rtexit$$00000003) for __rt_exit_ls
    rtexit.o(.ARM.Collect$$rtexit$$00000000) refers (Special) to rtexit2.o(.ARM.Collect$$rtexit$$00000002) for __rt_exit_prels_1
    rtexit.o(.ARM.exidx) refers (Special) to rtexit2.o(.ARM.Collect$$rtexit$$00000004) for __rt_exit_exit
    rtexit.o(.ARM.exidx) refers (Special) to rtexit2.o(.ARM.Collect$$rtexit$$00000003) for __rt_exit_ls
    rtexit.o(.ARM.exidx) refers (Special) to rtexit2.o(.ARM.Collect$$rtexit$$00000002) for __rt_exit_prels_1
    rtexit.o(.ARM.exidx) refers to rtexit.o(.ARM.Collect$$rtexit$$00000000) for .ARM.Collect$$rtexit$$00000000
    rt_raise.o(.text) refers to __raise.o(.text) for __raise
    rt_raise.o(.text) refers to sys_exit.o(.text) for _sys_exit
    defsig_exit.o(.text) refers to sys_exit.o(.text) for _sys_exit
    defsig_fpe_inner.o(.text) refers to defsig_general.o(.text) for __default_signal_display
    libinit2.o(.ARM.Collect$$libinit$$00000010) refers to libinit2.o(.ARM.Collect$$libinit$$0000000F) for .ARM.Collect$$libinit$$0000000F
    libinit2.o(.ARM.Collect$$libinit$$00000012) refers to libinit2.o(.ARM.Collect$$libinit$$0000000F) for .ARM.Collect$$libinit$$0000000F
    libinit2.o(.ARM.Collect$$libinit$$00000014) refers to libinit2.o(.ARM.Collect$$libinit$$0000000F) for .ARM.Collect$$libinit$$0000000F
    libinit2.o(.ARM.Collect$$libinit$$00000016) refers to libinit2.o(.ARM.Collect$$libinit$$0000000F) for .ARM.Collect$$libinit$$0000000F
    libinit2.o(.ARM.Collect$$libinit$$00000018) refers to libinit2.o(.ARM.Collect$$libinit$$0000000F) for .ARM.Collect$$libinit$$0000000F
    libinit2.o(.ARM.Collect$$libinit$$00000026) refers to argv_veneer.o(.text) for __ARM_argv_veneer
    libinit2.o(.ARM.Collect$$libinit$$00000027) refers to argv_veneer.o(.text) for __ARM_argv_veneer
    sys_exit.o(.text) refers (Special) to use_no_semi.o(.text) for __I$use$semihosting
    sys_exit.o(.text) refers (Special) to indicate_semi.o(.text) for __semihosting_library_function
    rtexit2.o(.ARM.Collect$$rtexit$$00000003) refers to libshutdown.o(.ARM.Collect$$libshutdown$$00000000) for __rt_lib_shutdown
    rtexit2.o(.ARM.Collect$$rtexit$$00000004) refers to sys_exit.o(.text) for _sys_exit
    rtexit2.o(.ARM.exidx) refers to rtexit2.o(.ARM.Collect$$rtexit$$00000001) for .ARM.Collect$$rtexit$$00000001
    rtexit2.o(.ARM.exidx) refers to rtexit2.o(.ARM.Collect$$rtexit$$00000003) for .ARM.Collect$$rtexit$$00000003
    rtexit2.o(.ARM.exidx) refers to rtexit2.o(.ARM.Collect$$rtexit$$00000004) for .ARM.Collect$$rtexit$$00000004
    __raise.o(.text) refers to defsig.o(CL$$defsig) for __default_signal_handler
    defsig_general.o(.text) refers to sys_wrch.o(.text) for _ttywrch
    sys_wrch.o(.text) refers (Special) to use_no_semi.o(.text) for __I$use$semihosting
    sys_wrch.o(.text) refers (Special) to indicate_semi.o(.text) for __semihosting_library_function
    defsig.o(CL$$defsig) refers to defsig_fpe_inner.o(.text) for __rt_SIGFPE_inner
    defsig.o(CL$$defsig) refers to defsig_rtmem_inner.o(.text) for __rt_SIGRTMEM_inner
    _get_argv_nomalloc.o(.text) refers (Special) to hrguard.o(.text) for __heap_region$guard
    _get_argv_nomalloc.o(.text) refers to defsig_rtmem_outer.o(.text) for __rt_SIGRTMEM
    _get_argv_nomalloc.o(.text) refers to sys_command.o(.text) for _sys_command_string
    libshutdown.o(.ARM.Collect$$libshutdown$$00000000) refers (Special) to libshutdown2.o(.ARM.Collect$$libshutdown$$00000002) for __rt_lib_shutdown_cpp_1
    libshutdown.o(.ARM.Collect$$libshutdown$$00000000) refers (Special) to libshutdown2.o(.ARM.Collect$$libshutdown$$00000007) for __rt_lib_shutdown_fp_trap_1
    libshutdown.o(.ARM.Collect$$libshutdown$$00000000) refers (Special) to libshutdown2.o(.ARM.Collect$$libshutdown$$0000000F) for __rt_lib_shutdown_heap_1
    libshutdown.o(.ARM.Collect$$libshutdown$$00000000) refers (Special) to libshutdown2.o(.ARM.Collect$$libshutdown$$00000010) for __rt_lib_shutdown_return
    libshutdown.o(.ARM.Collect$$libshutdown$$00000000) refers (Special) to libshutdown2.o(.ARM.Collect$$libshutdown$$0000000A) for __rt_lib_shutdown_signal_1
    libshutdown.o(.ARM.Collect$$libshutdown$$00000000) refers (Special) to libshutdown2.o(.ARM.Collect$$libshutdown$$00000004) for __rt_lib_shutdown_stdio_1
    libshutdown.o(.ARM.Collect$$libshutdown$$00000000) refers (Special) to libshutdown2.o(.ARM.Collect$$libshutdown$$0000000C) for __rt_lib_shutdown_user_alloc_1
    sys_command.o(.text) refers (Special) to use_no_semi.o(.text) for __I$use$semihosting
    sys_command.o(.text) refers (Special) to indicate_semi.o(.text) for __semihosting_library_function
    defsig_abrt_inner.o(.text) refers to defsig_general.o(.text) for __default_signal_display
    defsig_rtred_inner.o(.text) refers to defsig_general.o(.text) for __default_signal_display
    defsig_rtmem_inner.o(.text) refers to defsig_general.o(.text) for __default_signal_display
    defsig_rtmem_outer.o(.text) refers to defsig_rtmem_inner.o(.text) for __rt_SIGRTMEM_inner
    defsig_rtmem_outer.o(.text) refers to defsig_exit.o(.text) for __sig_exit
    defsig_rtmem_formal.o(.text) refers to rt_raise.o(.text) for __rt_raise
    defsig_stak_inner.o(.text) refers to defsig_general.o(.text) for __default_signal_display
    defsig_pvfn_inner.o(.text) refers to defsig_general.o(.text) for __default_signal_display
    defsig_cppl_inner.o(.text) refers to defsig_general.o(.text) for __default_signal_display
    defsig_segv_inner.o(.text) refers to defsig_general.o(.text) for __default_signal_display
    defsig_other.o(.text) refers to defsig_general.o(.text) for __default_signal_display


==============================================================================

Removing Unused input sections from the image.

    Removing main.o(.rev16_text), (4 bytes).
    Removing main.o(.revsh_text), (4 bytes).
    Removing ssd1306.o(.rev16_text), (4 bytes).
    Removing ssd1306.o(.revsh_text), (4 bytes).
    Removing ssd1306.o(i.Flip_mode), (44 bytes).
    Removing ssd1306.o(i.LCD_PrintBin), (94 bytes).
    Removing ssd1306.o(i.LCD_mode), (32 bytes).
    Removing ssd1306.o(i.scroll_area), (38 bytes).
    Removing ssd1306.o(i.scroll_vleft), (64 bytes).
    Removing ssd1306.o(i.scroll_vright), (64 bytes).
    Removing ssd1306.o(i.slide_left), (60 bytes).
    Removing ssd1306.o(i.slide_right), (60 bytes).
    Removing ssd1306.o(i.start_slide), (18 bytes).
    Removing ssd1306.o(i.stop_slide), (18 bytes).
    Removing rc522.o(.rev16_text), (4 bytes).
    Removing rc522.o(.revsh_text), (4 bytes).
    Removing rc522.o(i.MFRC522_Check), (34 bytes).
    Removing rc522.o(i.MFRC522_Compare), (34 bytes).
    Removing rc522.o(i.MFRC522_Write), (152 bytes).
    Removing system_stm32f0xx.o(.rev16_text), (4 bytes).
    Removing system_stm32f0xx.o(.revsh_text), (4 bytes).
    Removing system_stm32f0xx.o(i.SystemCoreClockUpdate), (208 bytes).
    Removing system_stm32f0xx.o(.constdata), (24 bytes).
    Removing system_stm32f0xx.o(.data), (4 bytes).

24 unused section(s) (total 980 bytes) removed from the image.

==============================================================================

Image Symbol Table

    Local Symbols

    Symbol Name                              Value     Ov Type        Size  Object(Section)

    ../clib/angel/boardlib.s                 0x00000000   Number         0  boardinit2.o ABSOLUTE
    ../clib/angel/boardlib.s                 0x00000000   Number         0  boardshut.o ABSOLUTE
    ../clib/angel/boardlib.s                 0x00000000   Number         0  boardinit3.o ABSOLUTE
    ../clib/angel/boardlib.s                 0x00000000   Number         0  boardinit1.o ABSOLUTE
    ../clib/angel/handlers.s                 0x00000000   Number         0  __scatter_copy.o ABSOLUTE
    ../clib/angel/handlers.s                 0x00000000   Number         0  __scatter_zi.o ABSOLUTE
    ../clib/angel/kernel.s                   0x00000000   Number         0  __rtentry.o ABSOLUTE
    ../clib/angel/kernel.s                   0x00000000   Number         0  rtexit.o ABSOLUTE
    ../clib/angel/kernel.s                   0x00000000   Number         0  __rtentry4.o ABSOLUTE
    ../clib/angel/kernel.s                   0x00000000   Number         0  __rtentry2.o ABSOLUTE
    ../clib/angel/kernel.s                   0x00000000   Number         0  rtexit2.o ABSOLUTE
    ../clib/angel/rt.s                       0x00000000   Number         0  aeabi_idiv0_sigfpe.o ABSOLUTE
    ../clib/angel/rt.s                       0x00000000   Number         0  aeabi_idiv0.o ABSOLUTE
    ../clib/angel/rt.s                       0x00000000   Number         0  rt_raise.o ABSOLUTE
    ../clib/angel/rt.s                       0x00000000   Number         0  rt_div0.o ABSOLUTE
    ../clib/angel/scatterp.s                 0x00000000   Number         0  __scatter.o ABSOLUTE
    ../clib/angel/startup.s                  0x00000000   Number         0  __main.o ABSOLUTE
    ../clib/angel/sys.s                      0x00000000   Number         0  indicate_semi.o ABSOLUTE
    ../clib/angel/sys.s                      0x00000000   Number         0  use_no_semi.o ABSOLUTE
    ../clib/angel/sys.s                      0x00000000   Number         0  tempstk.o ABSOLUTE
    ../clib/angel/sys.s                      0x00000000   Number         0  libspace.o ABSOLUTE
    ../clib/angel/sys.s                      0x00000000   Number         0  sys_stackheap_outer.o ABSOLUTE
    ../clib/angel/sysapp.c                   0x00000000   Number         0  sys_wrch.o ABSOLUTE
    ../clib/angel/sysapp.c                   0x00000000   Number         0  sys_command.o ABSOLUTE
    ../clib/angel/sysapp.c                   0x00000000   Number         0  sys_exit.o ABSOLUTE
    ../clib/armsys.c                         0x00000000   Number         0  no_argv.o ABSOLUTE
    ../clib/armsys.c                         0x00000000   Number         0  _get_argv_nomalloc.o ABSOLUTE
    ../clib/armsys.c                         0x00000000   Number         0  argv_veneer.o ABSOLUTE
    ../clib/division.s                       0x00000000   Number         0  aeabi_sdiv.o ABSOLUTE
    ../clib/division.s                       0x00000000   Number         0  aeabi_sdiv_div0.o ABSOLUTE
    ../clib/heapalloc.c                      0x00000000   Number         0  hrguard.o ABSOLUTE
    ../clib/heapaux.c                        0x00000000   Number         0  heapauxi.o ABSOLUTE
    ../clib/libinit.s                        0x00000000   Number         0  libshutdown.o ABSOLUTE
    ../clib/libinit.s                        0x00000000   Number         0  libinit.o ABSOLUTE
    ../clib/libinit.s                        0x00000000   Number         0  libinit2.o ABSOLUTE
    ../clib/libinit.s                        0x00000000   Number         0  libshutdown2.o ABSOLUTE
    ../clib/longlong.c                       0x00000000   Number         0  llmul.o ABSOLUTE
    ../clib/signal.c                         0x00000000   Number         0  defsig_segv_inner.o ABSOLUTE
    ../clib/signal.c                         0x00000000   Number         0  defsig_fpe_inner.o ABSOLUTE
    ../clib/signal.c                         0x00000000   Number         0  defsig_exit.o ABSOLUTE
    ../clib/signal.c                         0x00000000   Number         0  defsig_other.o ABSOLUTE
    ../clib/signal.c                         0x00000000   Number         0  defsig_fpe_formal.o ABSOLUTE
    ../clib/signal.c                         0x00000000   Number         0  defsig_general.o ABSOLUTE
    ../clib/signal.c                         0x00000000   Number         0  defsig_fpe_outer.o ABSOLUTE
    ../clib/signal.c                         0x00000000   Number         0  __raise.o ABSOLUTE
    ../clib/signal.c                         0x00000000   Number         0  defsig_abrt_inner.o ABSOLUTE
    ../clib/signal.c                         0x00000000   Number         0  defsig_rtmem_inner.o ABSOLUTE
    ../clib/signal.c                         0x00000000   Number         0  defsig_rtmem_outer.o ABSOLUTE
    ../clib/signal.c                         0x00000000   Number         0  defsig_rtred_inner.o ABSOLUTE
    ../clib/signal.c                         0x00000000   Number         0  defsig_rtmem_formal.o ABSOLUTE
    ../clib/signal.c                         0x00000000   Number         0  defsig_stak_inner.o ABSOLUTE
    ../clib/signal.c                         0x00000000   Number         0  defsig_pvfn_inner.o ABSOLUTE
    ../clib/signal.c                         0x00000000   Number         0  defsig_cppl_inner.o ABSOLUTE
    ../clib/signal.s                         0x00000000   Number         0  defsig.o ABSOLUTE
    ../clib/stdlib.c                         0x00000000   Number         0  exit.o ABSOLUTE
    ../fplib/cfplib/fpinit.c                 0x00000000   Number         0  fpinit.o ABSOLUTE
    RC522.c                                  0x00000000   Number         0  rc522.o ABSOLUTE
    RC522.c                                  0x00000000   Number         0  rc522.o ABSOLUTE
    RTE\Device\STM32F042G4Ux\startup_stm32f042x6.s 0x00000000   Number         0  startup_stm32f042x6.o ABSOLUTE
    RTE\Device\STM32F042G4Ux\system_stm32f0xx.c 0x00000000   Number         0  system_stm32f0xx.o ABSOLUTE
    RTE\\Device\\STM32F042G4Ux\\system_stm32f0xx.c 0x00000000   Number         0  system_stm32f0xx.o ABSOLUTE
    SSD1306.c                                0x00000000   Number         0  ssd1306.o ABSOLUTE
    SSD1306.c                                0x00000000   Number         0  ssd1306.o ABSOLUTE
    dc.s                                     0x00000000   Number         0  dc.o ABSOLUTE
    main.c                                   0x00000000   Number         0  main.o ABSOLUTE
    main.c                                   0x00000000   Number         0  main.o ABSOLUTE
    RESET                                    0x08000000   Section      192  startup_stm32f042x6.o(RESET)
    !!!main                                  0x080000c0   Section        8  __main.o(!!!main)
    !!!scatter                               0x080000c8   Section       60  __scatter.o(!!!scatter)
    !!handler_copy                           0x08000104   Section       26  __scatter_copy.o(!!handler_copy)
    !!handler_zi                             0x08000120   Section       28  __scatter_zi.o(!!handler_zi)
    .ARM.Collect$$libinit$$00000000          0x0800013c   Section        2  libinit.o(.ARM.Collect$$libinit$$00000000)
    .ARM.Collect$$libinit$$00000002          0x0800013e   Section        0  libinit2.o(.ARM.Collect$$libinit$$00000002)
    .ARM.Collect$$libinit$$00000004          0x0800013e   Section        0  libinit2.o(.ARM.Collect$$libinit$$00000004)
    .ARM.Collect$$libinit$$0000000A          0x0800013e   Section        0  libinit2.o(.ARM.Collect$$libinit$$0000000A)
    .ARM.Collect$$libinit$$0000000C          0x0800013e   Section        0  libinit2.o(.ARM.Collect$$libinit$$0000000C)
    .ARM.Collect$$libinit$$0000000E          0x0800013e   Section        0  libinit2.o(.ARM.Collect$$libinit$$0000000E)
    .ARM.Collect$$libinit$$00000011          0x0800013e   Section        0  libinit2.o(.ARM.Collect$$libinit$$00000011)
    .ARM.Collect$$libinit$$00000013          0x0800013e   Section        0  libinit2.o(.ARM.Collect$$libinit$$00000013)
    .ARM.Collect$$libinit$$00000015          0x0800013e   Section        0  libinit2.o(.ARM.Collect$$libinit$$00000015)
    .ARM.Collect$$libinit$$00000017          0x0800013e   Section        0  libinit2.o(.ARM.Collect$$libinit$$00000017)
    .ARM.Collect$$libinit$$00000019          0x0800013e   Section        0  libinit2.o(.ARM.Collect$$libinit$$00000019)
    .ARM.Collect$$libinit$$0000001B          0x0800013e   Section        0  libinit2.o(.ARM.Collect$$libinit$$0000001B)
    .ARM.Collect$$libinit$$0000001D          0x0800013e   Section        0  libinit2.o(.ARM.Collect$$libinit$$0000001D)
    .ARM.Collect$$libinit$$0000001F          0x0800013e   Section        0  libinit2.o(.ARM.Collect$$libinit$$0000001F)
    .ARM.Collect$$libinit$$00000021          0x0800013e   Section        0  libinit2.o(.ARM.Collect$$libinit$$00000021)
    .ARM.Collect$$libinit$$00000023          0x0800013e   Section        0  libinit2.o(.ARM.Collect$$libinit$$00000023)
    .ARM.Collect$$libinit$$00000025          0x0800013e   Section        0  libinit2.o(.ARM.Collect$$libinit$$00000025)
    .ARM.Collect$$libinit$$0000002C          0x0800013e   Section        0  libinit2.o(.ARM.Collect$$libinit$$0000002C)
    .ARM.Collect$$libinit$$0000002E          0x0800013e   Section        0  libinit2.o(.ARM.Collect$$libinit$$0000002E)
    .ARM.Collect$$libinit$$00000030          0x0800013e   Section        0  libinit2.o(.ARM.Collect$$libinit$$00000030)
    .ARM.Collect$$libinit$$00000032          0x0800013e   Section        0  libinit2.o(.ARM.Collect$$libinit$$00000032)
    .ARM.Collect$$libinit$$00000033          0x0800013e   Section        2  libinit2.o(.ARM.Collect$$libinit$$00000033)
    .ARM.Collect$$libshutdown$$00000000      0x08000140   Section        2  libshutdown.o(.ARM.Collect$$libshutdown$$00000000)
    .ARM.Collect$$libshutdown$$00000002      0x08000142   Section        0  libshutdown2.o(.ARM.Collect$$libshutdown$$00000002)
    .ARM.Collect$$libshutdown$$00000004      0x08000142   Section        0  libshutdown2.o(.ARM.Collect$$libshutdown$$00000004)
    .ARM.Collect$$libshutdown$$00000007      0x08000142   Section        0  libshutdown2.o(.ARM.Collect$$libshutdown$$00000007)
    .ARM.Collect$$libshutdown$$0000000A      0x08000142   Section        0  libshutdown2.o(.ARM.Collect$$libshutdown$$0000000A)
    .ARM.Collect$$libshutdown$$0000000C      0x08000142   Section        0  libshutdown2.o(.ARM.Collect$$libshutdown$$0000000C)
    .ARM.Collect$$libshutdown$$0000000F      0x08000142   Section        0  libshutdown2.o(.ARM.Collect$$libshutdown$$0000000F)
    .ARM.Collect$$libshutdown$$00000010      0x08000142   Section        2  libshutdown2.o(.ARM.Collect$$libshutdown$$00000010)
    .ARM.Collect$$rtentry$$00000000          0x08000144   Section        0  __rtentry.o(.ARM.Collect$$rtentry$$00000000)
    .ARM.Collect$$rtentry$$00000002          0x08000144   Section        0  __rtentry2.o(.ARM.Collect$$rtentry$$00000002)
    .ARM.Collect$$rtentry$$00000004          0x08000144   Section        6  __rtentry4.o(.ARM.Collect$$rtentry$$00000004)
    .ARM.Collect$$rtentry$$00000009          0x0800014a   Section        0  __rtentry2.o(.ARM.Collect$$rtentry$$00000009)
    .ARM.Collect$$rtentry$$0000000A          0x0800014a   Section        4  __rtentry2.o(.ARM.Collect$$rtentry$$0000000A)
    .ARM.Collect$$rtentry$$0000000C          0x0800014e   Section        0  __rtentry2.o(.ARM.Collect$$rtentry$$0000000C)
    .ARM.Collect$$rtentry$$0000000D          0x0800014e   Section        8  __rtentry2.o(.ARM.Collect$$rtentry$$0000000D)
    .ARM.Collect$$rtexit$$00000000           0x08000156   Section        2  rtexit.o(.ARM.Collect$$rtexit$$00000000)
    .ARM.Collect$$rtexit$$00000002           0x08000158   Section        0  rtexit2.o(.ARM.Collect$$rtexit$$00000002)
    .ARM.Collect$$rtexit$$00000003           0x08000158   Section        4  rtexit2.o(.ARM.Collect$$rtexit$$00000003)
    .ARM.Collect$$rtexit$$00000004           0x0800015c   Section        6  rtexit2.o(.ARM.Collect$$rtexit$$00000004)
    .text                                    0x08000164   Section      116  startup_stm32f042x6.o(.text)
    .text                                    0x080001d8   Section        0  llmul.o(.text)
    .text                                    0x08000208   Section      346  aeabi_sdiv.o(.text)
    .text                                    0x08000362   Section        0  heapauxi.o(.text)
    .text                                    0x08000368   Section       62  sys_stackheap_outer.o(.text)
    .text                                    0x080003a6   Section        0  exit.o(.text)
    .text                                    0x080003b8   Section        8  libspace.o(.text)
    .text                                    0x080003c0   Section        0  sys_exit.o(.text)
    .text                                    0x080003cc   Section        2  use_no_semi.o(.text)
    .text                                    0x080003ce   Section        0  indicate_semi.o(.text)
    i.CMD                                    0x080003ce   Section        0  ssd1306.o(i.CMD)
    i.EXTI0_1_IRQHandler                     0x080003e0   Section        0  main.o(i.EXTI0_1_IRQHandler)
    i.I2C_Start                              0x08000408   Section        0  ssd1306.o(i.I2C_Start)
    i.I2C_Stop                               0x0800044c   Section        0  ssd1306.o(i.I2C_Stop)
    i.I2C_write                              0x08000490   Section        0  ssd1306.o(i.I2C_write)
    i.LCD_Char                               0x080004c0   Section        0  ssd1306.o(i.LCD_Char)
    i.LCD_Clear                              0x08000520   Section        0  ssd1306.o(i.LCD_Clear)
    i.LCD_ClearStr                           0x0800055c   Section        0  ssd1306.o(i.LCD_ClearStr)
    i.LCD_Gotoxy                             0x080005b6   Section        0  ssd1306.o(i.LCD_Gotoxy)
    i.LCD_Init                               0x080005f0   Section        0  ssd1306.o(i.LCD_Init)
    i.LCD_PrintDec                           0x0800061c   Section        0  ssd1306.o(i.LCD_PrintDec)
    i.LCD_PrintHex                           0x08000698   Section        0  ssd1306.o(i.LCD_PrintHex)
    i.LCD_PrintStr                           0x08000754   Section        0  ssd1306.o(i.LCD_PrintStr)
    i.MFRC522_AntennaOff                     0x0800076e   Section        0  rc522.o(i.MFRC522_AntennaOff)
    i.MFRC522_AntennaOn                      0x0800077a   Section        0  rc522.o(i.MFRC522_AntennaOn)
    i.MFRC522_Anticoll                       0x08000796   Section        0  rc522.o(i.MFRC522_Anticoll)
    i.MFRC522_Auth                           0x080007de   Section        0  rc522.o(i.MFRC522_Auth)
    i.MFRC522_CalculateCRC                   0x08000846   Section        0  rc522.o(i.MFRC522_CalculateCRC)
    i.MFRC522_ClearBitMask                   0x080008a8   Section        0  rc522.o(i.MFRC522_ClearBitMask)
    i.MFRC522_Halt                           0x080008c2   Section        0  rc522.o(i.MFRC522_Halt)
    i.MFRC522_Init                           0x080008ea   Section        0  rc522.o(i.MFRC522_Init)
    i.MFRC522_Read                           0x0800092e   Section        0  rc522.o(i.MFRC522_Read)
    i.MFRC522_ReadRegister                   0x08000968   Section        0  rc522.o(i.MFRC522_ReadRegister)
    i.MFRC522_Request                        0x08000982   Section        0  rc522.o(i.MFRC522_Request)
    i.MFRC522_Reset                          0x080009b6   Section        0  rc522.o(i.MFRC522_Reset)
    i.MFRC522_SelectTag                      0x080009c2   Section        0  rc522.o(i.MFRC522_SelectTag)
    i.MFRC522_SetBitMask                     0x08000a1e   Section        0  rc522.o(i.MFRC522_SetBitMask)
    i.MFRC522_ToCard                         0x08000a38   Section        0  rc522.o(i.MFRC522_ToCard)
    i.MFRC522_WriteRegister                  0x08000b6a   Section        0  rc522.o(i.MFRC522_WriteRegister)
    i.SPI1_ReadReg                           0x08000b84   Section        0  rc522.o(i.SPI1_ReadReg)
    SPI1_ReadReg                             0x08000b85   Thumb Code   138  rc522.o(i.SPI1_ReadReg)
    i.SPI1_WriteReg                          0x08000c14   Section        0  rc522.o(i.SPI1_WriteReg)
    SPI1_WriteReg                            0x08000c15   Thumb Code   134  rc522.o(i.SPI1_WriteReg)
    i.SystemInit                             0x08000ca0   Section        0  system_stm32f0xx.o(i.SystemInit)
    i.TIM17_IRQHandler                       0x08000d14   Section        0  main.o(i.TIM17_IRQHandler)
    i.TimingDelayDec                         0x08000d38   Section        0  main.o(i.TimingDelayDec)
    i.WaitISRBitSet                          0x08000da8   Section        0  ssd1306.o(i.WaitISRBitSet)
    WaitISRBitSet                            0x08000da9   Thumb Code    66  ssd1306.o(i.WaitISRBitSet)
    i.__NVIC_EnableIRQ                       0x08000df4   Section        0  main.o(i.__NVIC_EnableIRQ)
    __NVIC_EnableIRQ                         0x08000df5   Thumb Code    26  main.o(i.__NVIC_EnableIRQ)
    i.__NVIC_SetPriority                     0x08000e14   Section        0  main.o(i.__NVIC_SetPriority)
    __NVIC_SetPriority                       0x08000e15   Thumb Code   110  main.o(i.__NVIC_SetPriority)
    i.delay_ms                               0x08000e8c   Section        0  main.o(i.delay_ms)
    i.initial                                0x08000ea0   Section        0  main.o(i.initial)
    i.main                                   0x08001080   Section        0  main.o(i.main)
    .constdata                               0x08001304   Section     1138  ssd1306.o(.constdata)
    .data                                    0x20000000   Section      275  main.o(.data)
    .bss                                     0x20000114   Section       80  main.o(.bss)
    .bss                                     0x20000164   Section       96  libspace.o(.bss)
    HEAP                                     0x200001c8   Section      512  startup_stm32f042x6.o(HEAP)
    Heap_Mem                                 0x200001c8   Data         512  startup_stm32f042x6.o(HEAP)
    STACK                                    0x200003c8   Section     1024  startup_stm32f042x6.o(STACK)
    Stack_Mem                                0x200003c8   Data        1024  startup_stm32f042x6.o(STACK)
    __initial_sp                             0x200007c8   Data           0  startup_stm32f042x6.o(STACK)

    Global Symbols

    Symbol Name                              Value     Ov Type        Size  Object(Section)

    BuildAttributes$$THM_ISAv3M$S$PE$A:L22$X:L11$S22$IEEE1$IW$USESV6$~STKCKD$USESV7$~SHL$OSPACE$ROPI$EBA8$UX$STANDARDLIB$REQ8$PRES8$EABIv2 0x00000000   Number         0  anon$$obj.o ABSOLUTE
    __ARM_use_no_argv                        0x00000000   Number         0  main.o ABSOLUTE
    __ARM_exceptions_init                     - Undefined Weak Reference
    __alloca_initialize                       - Undefined Weak Reference
    __arm_preinit_                            - Undefined Weak Reference
    __cpp_initialize__aeabi_                  - Undefined Weak Reference
    __cxa_finalize                            - Undefined Weak Reference
    __rt_locale                               - Undefined Weak Reference
    __sigvec_lookup                           - Undefined Weak Reference
    _atexit_init                              - Undefined Weak Reference
    _call_atexit_fns                          - Undefined Weak Reference
    _clock_init                               - Undefined Weak Reference
    _fp_trap_init                             - Undefined Weak Reference
    _fp_trap_shutdown                         - Undefined Weak Reference
    _get_lc_collate                           - Undefined Weak Reference
    _get_lc_ctype                             - Undefined Weak Reference
    _get_lc_monetary                          - Undefined Weak Reference
    _get_lc_numeric                           - Undefined Weak Reference
    _get_lc_time                              - Undefined Weak Reference
    _getenv_init                              - Undefined Weak Reference
    _handle_redirection                       - Undefined Weak Reference
    _init_alloc                               - Undefined Weak Reference
    _init_user_alloc                          - Undefined Weak Reference
    _initio                                   - Undefined Weak Reference
    _rand_init                                - Undefined Weak Reference
    _signal_finish                            - Undefined Weak Reference
    _signal_init                              - Undefined Weak Reference
    _terminate_alloc                          - Undefined Weak Reference
    _terminate_user_alloc                     - Undefined Weak Reference
    _terminateio                              - Undefined Weak Reference
    __Vectors_Size                           0x000000c0   Number         0  startup_stm32f042x6.o ABSOLUTE
    __Vectors                                0x08000000   Data           4  startup_stm32f042x6.o(RESET)
    __Vectors_End                            0x080000c0   Data           0  startup_stm32f042x6.o(RESET)
    __main                                   0x080000c1   Thumb Code     8  __main.o(!!!main)
    __scatterload                            0x080000c9   Thumb Code     0  __scatter.o(!!!scatter)
    __scatterload_rt2                        0x080000c9   Thumb Code    52  __scatter.o(!!!scatter)
    __scatterload_rt2_thumb_only             0x080000c9   Thumb Code     0  __scatter.o(!!!scatter)
    __scatterload_null                       0x080000d9   Thumb Code     0  __scatter.o(!!!scatter)
    __scatterload_copy                       0x08000105   Thumb Code    26  __scatter_copy.o(!!handler_copy)
    __scatterload_zeroinit                   0x08000121   Thumb Code    28  __scatter_zi.o(!!handler_zi)
    __rt_lib_init                            0x0800013d   Thumb Code     0  libinit.o(.ARM.Collect$$libinit$$00000000)
    __rt_lib_init_alloca_1                   0x0800013f   Thumb Code     0  libinit2.o(.ARM.Collect$$libinit$$0000002E)
    __rt_lib_init_argv_1                     0x0800013f   Thumb Code     0  libinit2.o(.ARM.Collect$$libinit$$0000002C)
    __rt_lib_init_atexit_1                   0x0800013f   Thumb Code     0  libinit2.o(.ARM.Collect$$libinit$$0000001B)
    __rt_lib_init_clock_1                    0x0800013f   Thumb Code     0  libinit2.o(.ARM.Collect$$libinit$$00000021)
    __rt_lib_init_cpp_1                      0x0800013f   Thumb Code     0  libinit2.o(.ARM.Collect$$libinit$$00000032)
    __rt_lib_init_exceptions_1               0x0800013f   Thumb Code     0  libinit2.o(.ARM.Collect$$libinit$$00000030)
    __rt_lib_init_fp_1                       0x0800013f   Thumb Code     0  libinit2.o(.ARM.Collect$$libinit$$00000002)
    __rt_lib_init_fp_trap_1                  0x0800013f   Thumb Code     0  libinit2.o(.ARM.Collect$$libinit$$0000001F)
    __rt_lib_init_getenv_1                   0x0800013f   Thumb Code     0  libinit2.o(.ARM.Collect$$libinit$$00000023)
    __rt_lib_init_heap_1                     0x0800013f   Thumb Code     0  libinit2.o(.ARM.Collect$$libinit$$0000000A)
    __rt_lib_init_lc_collate_1               0x0800013f   Thumb Code     0  libinit2.o(.ARM.Collect$$libinit$$00000011)
    __rt_lib_init_lc_ctype_1                 0x0800013f   Thumb Code     0  libinit2.o(.ARM.Collect$$libinit$$00000013)
    __rt_lib_init_lc_monetary_1              0x0800013f   Thumb Code     0  libinit2.o(.ARM.Collect$$libinit$$00000015)
    __rt_lib_init_lc_numeric_1               0x0800013f   Thumb Code     0  libinit2.o(.ARM.Collect$$libinit$$00000017)
    __rt_lib_init_lc_time_1                  0x0800013f   Thumb Code     0  libinit2.o(.ARM.Collect$$libinit$$00000019)
    __rt_lib_init_preinit_1                  0x0800013f   Thumb Code     0  libinit2.o(.ARM.Collect$$libinit$$00000004)
    __rt_lib_init_rand_1                     0x0800013f   Thumb Code     0  libinit2.o(.ARM.Collect$$libinit$$0000000E)
    __rt_lib_init_return                     0x0800013f   Thumb Code     0  libinit2.o(.ARM.Collect$$libinit$$00000033)
    __rt_lib_init_signal_1                   0x0800013f   Thumb Code     0  libinit2.o(.ARM.Collect$$libinit$$0000001D)
    __rt_lib_init_stdio_1                    0x0800013f   Thumb Code     0  libinit2.o(.ARM.Collect$$libinit$$00000025)
    __rt_lib_init_user_alloc_1               0x0800013f   Thumb Code     0  libinit2.o(.ARM.Collect$$libinit$$0000000C)
    __rt_lib_shutdown                        0x08000141   Thumb Code     0  libshutdown.o(.ARM.Collect$$libshutdown$$00000000)
    __rt_lib_shutdown_cpp_1                  0x08000143   Thumb Code     0  libshutdown2.o(.ARM.Collect$$libshutdown$$00000002)
    __rt_lib_shutdown_fp_trap_1              0x08000143   Thumb Code     0  libshutdown2.o(.ARM.Collect$$libshutdown$$00000007)
    __rt_lib_shutdown_heap_1                 0x08000143   Thumb Code     0  libshutdown2.o(.ARM.Collect$$libshutdown$$0000000F)
    __rt_lib_shutdown_return                 0x08000143   Thumb Code     0  libshutdown2.o(.ARM.Collect$$libshutdown$$00000010)
    __rt_lib_shutdown_signal_1               0x08000143   Thumb Code     0  libshutdown2.o(.ARM.Collect$$libshutdown$$0000000A)
    __rt_lib_shutdown_stdio_1                0x08000143   Thumb Code     0  libshutdown2.o(.ARM.Collect$$libshutdown$$00000004)
    __rt_lib_shutdown_user_alloc_1           0x08000143   Thumb Code     0  libshutdown2.o(.ARM.Collect$$libshutdown$$0000000C)
    __rt_entry                               0x08000145   Thumb Code     0  __rtentry.o(.ARM.Collect$$rtentry$$00000000)
    __rt_entry_presh_1                       0x08000145   Thumb Code     0  __rtentry2.o(.ARM.Collect$$rtentry$$00000002)
    __rt_entry_sh                            0x08000145   Thumb Code     0  __rtentry4.o(.ARM.Collect$$rtentry$$00000004)
    __rt_entry_li                            0x0800014b   Thumb Code     0  __rtentry2.o(.ARM.Collect$$rtentry$$0000000A)
    __rt_entry_postsh_1                      0x0800014b   Thumb Code     0  __rtentry2.o(.ARM.Collect$$rtentry$$00000009)
    __rt_entry_main                          0x0800014f   Thumb Code     0  __rtentry2.o(.ARM.Collect$$rtentry$$0000000D)
    __rt_entry_postli_1                      0x0800014f   Thumb Code     0  __rtentry2.o(.ARM.Collect$$rtentry$$0000000C)
    __rt_exit                                0x08000157   Thumb Code     0  rtexit.o(.ARM.Collect$$rtexit$$00000000)
    __rt_exit_ls                             0x08000159   Thumb Code     0  rtexit2.o(.ARM.Collect$$rtexit$$00000003)
    __rt_exit_prels_1                        0x08000159   Thumb Code     0  rtexit2.o(.ARM.Collect$$rtexit$$00000002)
    __rt_exit_exit                           0x0800015d   Thumb Code     0  rtexit2.o(.ARM.Collect$$rtexit$$00000004)
    Reset_Handler                            0x08000165   Thumb Code    38  startup_stm32f042x6.o(.text)
    NMI_Handler                              0x0800018b   Thumb Code     2  startup_stm32f042x6.o(.text)
    HardFault_Handler                        0x0800018d   Thumb Code     2  startup_stm32f042x6.o(.text)
    SVC_Handler                              0x0800018f   Thumb Code     2  startup_stm32f042x6.o(.text)
    PendSV_Handler                           0x08000191   Thumb Code     2  startup_stm32f042x6.o(.text)
    SysTick_Handler                          0x08000193   Thumb Code     2  startup_stm32f042x6.o(.text)
    ADC1_IRQHandler                          0x08000195   Thumb Code     0  startup_stm32f042x6.o(.text)
    CEC_CAN_IRQHandler                       0x08000195   Thumb Code     0  startup_stm32f042x6.o(.text)
    DMA1_Channel1_IRQHandler                 0x08000195   Thumb Code     0  startup_stm32f042x6.o(.text)
    DMA1_Channel2_3_IRQHandler               0x08000195   Thumb Code     0  startup_stm32f042x6.o(.text)
    DMA1_Channel4_5_IRQHandler               0x08000195   Thumb Code     0  startup_stm32f042x6.o(.text)
    EXTI2_3_IRQHandler                       0x08000195   Thumb Code     0  startup_stm32f042x6.o(.text)
    EXTI4_15_IRQHandler                      0x08000195   Thumb Code     0  startup_stm32f042x6.o(.text)
    FLASH_IRQHandler                         0x08000195   Thumb Code     0  startup_stm32f042x6.o(.text)
    I2C1_IRQHandler                          0x08000195   Thumb Code     0  startup_stm32f042x6.o(.text)
    PVD_VDDIO2_IRQHandler                    0x08000195   Thumb Code     0  startup_stm32f042x6.o(.text)
    RCC_CRS_IRQHandler                       0x08000195   Thumb Code     0  startup_stm32f042x6.o(.text)
    RTC_IRQHandler                           0x08000195   Thumb Code     0  startup_stm32f042x6.o(.text)
    SPI1_IRQHandler                          0x08000195   Thumb Code     0  startup_stm32f042x6.o(.text)
    SPI2_IRQHandler                          0x08000195   Thumb Code     0  startup_stm32f042x6.o(.text)
    TIM14_IRQHandler                         0x08000195   Thumb Code     0  startup_stm32f042x6.o(.text)
    TIM16_IRQHandler                         0x08000195   Thumb Code     0  startup_stm32f042x6.o(.text)
    TIM1_BRK_UP_TRG_COM_IRQHandler           0x08000195   Thumb Code     0  startup_stm32f042x6.o(.text)
    TIM1_CC_IRQHandler                       0x08000195   Thumb Code     0  startup_stm32f042x6.o(.text)
    TIM2_IRQHandler                          0x08000195   Thumb Code     0  startup_stm32f042x6.o(.text)
    TIM3_IRQHandler                          0x08000195   Thumb Code     0  startup_stm32f042x6.o(.text)
    TSC_IRQHandler                           0x08000195   Thumb Code     0  startup_stm32f042x6.o(.text)
    USART1_IRQHandler                        0x08000195   Thumb Code     0  startup_stm32f042x6.o(.text)
    USART2_IRQHandler                        0x08000195   Thumb Code     0  startup_stm32f042x6.o(.text)
    USB_IRQHandler                           0x08000195   Thumb Code     0  startup_stm32f042x6.o(.text)
    WWDG_IRQHandler                          0x08000195   Thumb Code     0  startup_stm32f042x6.o(.text)
    __user_initial_stackheap                 0x08000199   Thumb Code     0  startup_stm32f042x6.o(.text)
    __aeabi_lmul                             0x080001d9   Thumb Code    48  llmul.o(.text)
    _ll_mul                                  0x080001d9   Thumb Code     0  llmul.o(.text)
    __aeabi_uidiv                            0x08000209   Thumb Code     0  aeabi_sdiv.o(.text)
    __aeabi_uidivmod                         0x08000209   Thumb Code    20  aeabi_sdiv.o(.text)
    __aeabi_idiv                             0x0800021d   Thumb Code     0  aeabi_sdiv.o(.text)
    __aeabi_idivmod                          0x0800021d   Thumb Code   326  aeabi_sdiv.o(.text)
    __use_two_region_memory                  0x08000363   Thumb Code     2  heapauxi.o(.text)
    __rt_heap_escrow$2region                 0x08000365   Thumb Code     2  heapauxi.o(.text)
    __rt_heap_expand$2region                 0x08000367   Thumb Code     2  heapauxi.o(.text)
    __user_setup_stackheap                   0x08000369   Thumb Code    62  sys_stackheap_outer.o(.text)
    exit                                     0x080003a7   Thumb Code    16  exit.o(.text)
    __user_libspace                          0x080003b9   Thumb Code     8  libspace.o(.text)
    __user_perproc_libspace                  0x080003b9   Thumb Code     0  libspace.o(.text)
    __user_perthread_libspace                0x080003b9   Thumb Code     0  libspace.o(.text)
    _sys_exit                                0x080003c1   Thumb Code     8  sys_exit.o(.text)
    __I$use$semihosting                      0x080003cd   Thumb Code     0  use_no_semi.o(.text)
    __use_no_semihosting_swi                 0x080003cd   Thumb Code     2  use_no_semi.o(.text)
    CMD                                      0x080003cf   Thumb Code    18  ssd1306.o(i.CMD)
    __semihosting_library_function           0x080003cf   Thumb Code     0  indicate_semi.o(.text)
    EXTI0_1_IRQHandler                       0x080003e1   Thumb Code    32  main.o(i.EXTI0_1_IRQHandler)
    I2C_Start                                0x08000409   Thumb Code    56  ssd1306.o(i.I2C_Start)
    I2C_Stop                                 0x0800044d   Thumb Code    64  ssd1306.o(i.I2C_Stop)
    I2C_write                                0x08000491   Thumb Code    42  ssd1306.o(i.I2C_write)
    LCD_Char                                 0x080004c1   Thumb Code    90  ssd1306.o(i.LCD_Char)
    LCD_Clear                                0x08000521   Thumb Code    60  ssd1306.o(i.LCD_Clear)
    LCD_ClearStr                             0x0800055d   Thumb Code    90  ssd1306.o(i.LCD_ClearStr)
    LCD_Gotoxy                               0x080005b7   Thumb Code    58  ssd1306.o(i.LCD_Gotoxy)
    LCD_Init                                 0x080005f1   Thumb Code    38  ssd1306.o(i.LCD_Init)
    LCD_PrintDec                             0x0800061d   Thumb Code   124  ssd1306.o(i.LCD_PrintDec)
    LCD_PrintHex                             0x08000699   Thumb Code   188  ssd1306.o(i.LCD_PrintHex)
    LCD_PrintStr                             0x08000755   Thumb Code    26  ssd1306.o(i.LCD_PrintStr)
    MFRC522_AntennaOff                       0x0800076f   Thumb Code    12  rc522.o(i.MFRC522_AntennaOff)
    MFRC522_AntennaOn                        0x0800077b   Thumb Code    28  rc522.o(i.MFRC522_AntennaOn)
    MFRC522_Anticoll                         0x08000797   Thumb Code    72  rc522.o(i.MFRC522_Anticoll)
    MFRC522_Auth                             0x080007df   Thumb Code   104  rc522.o(i.MFRC522_Auth)
    MFRC522_CalculateCRC                     0x08000847   Thumb Code    98  rc522.o(i.MFRC522_CalculateCRC)
    MFRC522_ClearBitMask                     0x080008a9   Thumb Code    26  rc522.o(i.MFRC522_ClearBitMask)
    MFRC522_Halt                             0x080008c3   Thumb Code    40  rc522.o(i.MFRC522_Halt)
    MFRC522_Init                             0x080008eb   Thumb Code    68  rc522.o(i.MFRC522_Init)
    MFRC522_Read                             0x0800092f   Thumb Code    58  rc522.o(i.MFRC522_Read)
    MFRC522_ReadRegister                     0x08000969   Thumb Code    26  rc522.o(i.MFRC522_ReadRegister)
    MFRC522_Request                          0x08000983   Thumb Code    52  rc522.o(i.MFRC522_Request)
    MFRC522_Reset                            0x080009b7   Thumb Code    12  rc522.o(i.MFRC522_Reset)
    MFRC522_SelectTag                        0x080009c3   Thumb Code    92  rc522.o(i.MFRC522_SelectTag)
    MFRC522_SetBitMask                       0x08000a1f   Thumb Code    26  rc522.o(i.MFRC522_SetBitMask)
    MFRC522_ToCard                           0x08000a39   Thumb Code   306  rc522.o(i.MFRC522_ToCard)
    MFRC522_WriteRegister                    0x08000b6b   Thumb Code    24  rc522.o(i.MFRC522_WriteRegister)
    SystemInit                               0x08000ca1   Thumb Code   104  system_stm32f0xx.o(i.SystemInit)
    TIM17_IRQHandler                         0x08000d15   Thumb Code    32  main.o(i.TIM17_IRQHandler)
    TimingDelayDec                           0x08000d39   Thumb Code    90  main.o(i.TimingDelayDec)
    delay_ms                                 0x08000e8d   Thumb Code    16  main.o(i.delay_ms)
    initial                                  0x08000ea1   Thumb Code   442  main.o(i.initial)
    main                                     0x08001081   Thumb Code   526  main.o(i.main)
    init_lcd                                 0x08001304   Data          18  ssd1306.o(.constdata)
    font                                     0x08001316   Data        1120  ssd1306.o(.constdata)
    Region$$Table$$Base                      0x08001778   Number         0  anon$$obj.o(Region$$Table)
    Region$$Table$$Limit                     0x08001798   Number         0  anon$$obj.o(Region$$Table)
    i                                        0x20000000   Data           1  main.o(.data)
    k                                        0x20000001   Data           1  main.o(.data)
    test                                     0x20000002   Data           1  main.o(.data)
    IRQ_Flag                                 0x20000003   Data           1  main.o(.data)
    sec_tic                                  0x20000004   Data           1  main.o(.data)
    TimingDelay                              0x20000006   Data           2  main.o(.data)
    led_count                                0x20000008   Data           2  main.o(.data)
    ms1000                                   0x2000000a   Data           2  main.o(.data)
    blockAddr                                0x2000000c   Data           1  main.o(.data)
    RC_size                                  0x2000000d   Data           1  main.o(.data)
    sectorKeyA                               0x2000000e   Data         256  main.o(.data)
    status                                   0x2000010e   Data           1  main.o(.data)
    sn                                       0x2000010f   Data           4  main.o(.data)
    str                                      0x20000114   Data          16  main.o(.bss)
    buff                                     0x20000124   Data          64  main.o(.bss)
    __libspace_start                         0x20000164   Data          96  libspace.o(.bss)
    __temporary_stack_top$libspace           0x200001c4   Data           0  libspace.o(.bss)



==============================================================================

Memory Map of the image

  Image Entry point : 0x08000165

  Load Region LR_1 (Base: 0x08000000, Size: 0x000018ac, Max: 0xffffffff, ABSOLUTE)

    Execution Region ER_RO (Exec base: 0x08000000, Load base: 0x08000000, Size: 0x00001798, Max: 0xffffffff, ABSOLUTE)

    Exec Addr    Load Addr    Size         Type   Attr      Idx    E Section Name        Object

    0x08000000   0x08000000   0x000000c0   Data   RO          402    RESET               startup_stm32f042x6.o
    0x080000c0   0x080000c0   0x00000008   Code   RO          450  * !!!main             c_p.l(__main.o)
    0x080000c8   0x080000c8   0x0000003c   Code   RO          619    !!!scatter          c_p.l(__scatter.o)
    0x08000104   0x08000104   0x0000001a   Code   RO          621    !!handler_copy      c_p.l(__scatter_copy.o)
    0x0800011e   0x0800011e   0x00000002   PAD
    0x08000120   0x08000120   0x0000001c   Code   RO          623    !!handler_zi        c_p.l(__scatter_zi.o)
    0x0800013c   0x0800013c   0x00000002   Code   RO          488    .ARM.Collect$$libinit$$00000000  c_p.l(libinit.o)
    0x0800013e   0x0800013e   0x00000000   Code   RO          502    .ARM.Collect$$libinit$$00000002  c_p.l(libinit2.o)
    0x0800013e   0x0800013e   0x00000000   Code   RO          504    .ARM.Collect$$libinit$$00000004  c_p.l(libinit2.o)
    0x0800013e   0x0800013e   0x00000000   Code   RO          507    .ARM.Collect$$libinit$$0000000A  c_p.l(libinit2.o)
    0x0800013e   0x0800013e   0x00000000   Code   RO          509    .ARM.Collect$$libinit$$0000000C  c_p.l(libinit2.o)
    0x0800013e   0x0800013e   0x00000000   Code   RO          511    .ARM.Collect$$libinit$$0000000E  c_p.l(libinit2.o)
    0x0800013e   0x0800013e   0x00000000   Code   RO          514    .ARM.Collect$$libinit$$00000011  c_p.l(libinit2.o)
    0x0800013e   0x0800013e   0x00000000   Code   RO          516    .ARM.Collect$$libinit$$00000013  c_p.l(libinit2.o)
    0x0800013e   0x0800013e   0x00000000   Code   RO          518    .ARM.Collect$$libinit$$00000015  c_p.l(libinit2.o)
    0x0800013e   0x0800013e   0x00000000   Code   RO          520    .ARM.Collect$$libinit$$00000017  c_p.l(libinit2.o)
    0x0800013e   0x0800013e   0x00000000   Code   RO          522    .ARM.Collect$$libinit$$00000019  c_p.l(libinit2.o)
    0x0800013e   0x0800013e   0x00000000   Code   RO          524    .ARM.Collect$$libinit$$0000001B  c_p.l(libinit2.o)
    0x0800013e   0x0800013e   0x00000000   Code   RO          526    .ARM.Collect$$libinit$$0000001D  c_p.l(libinit2.o)
    0x0800013e   0x0800013e   0x00000000   Code   RO          528    .ARM.Collect$$libinit$$0000001F  c_p.l(libinit2.o)
    0x0800013e   0x0800013e   0x00000000   Code   RO          530    .ARM.Collect$$libinit$$00000021  c_p.l(libinit2.o)
    0x0800013e   0x0800013e   0x00000000   Code   RO          532    .ARM.Collect$$libinit$$00000023  c_p.l(libinit2.o)
    0x0800013e   0x0800013e   0x00000000   Code   RO          534    .ARM.Collect$$libinit$$00000025  c_p.l(libinit2.o)
    0x0800013e   0x0800013e   0x00000000   Code   RO          538    .ARM.Collect$$libinit$$0000002C  c_p.l(libinit2.o)
    0x0800013e   0x0800013e   0x00000000   Code   RO          540    .ARM.Collect$$libinit$$0000002E  c_p.l(libinit2.o)
    0x0800013e   0x0800013e   0x00000000   Code   RO          542    .ARM.Collect$$libinit$$00000030  c_p.l(libinit2.o)
    0x0800013e   0x0800013e   0x00000000   Code   RO          544    .ARM.Collect$$libinit$$00000032  c_p.l(libinit2.o)
    0x0800013e   0x0800013e   0x00000002   Code   RO          545    .ARM.Collect$$libinit$$00000033  c_p.l(libinit2.o)
    0x08000140   0x08000140   0x00000002   Code   RO          576    .ARM.Collect$$libshutdown$$00000000  c_p.l(libshutdown.o)
    0x08000142   0x08000142   0x00000000   Code   RO          602    .ARM.Collect$$libshutdown$$00000002  c_p.l(libshutdown2.o)
    0x08000142   0x08000142   0x00000000   Code   RO          604    .ARM.Collect$$libshutdown$$00000004  c_p.l(libshutdown2.o)
    0x08000142   0x08000142   0x00000000   Code   RO          607    .ARM.Collect$$libshutdown$$00000007  c_p.l(libshutdown2.o)
    0x08000142   0x08000142   0x00000000   Code   RO          610    .ARM.Collect$$libshutdown$$0000000A  c_p.l(libshutdown2.o)
    0x08000142   0x08000142   0x00000000   Code   RO          612    .ARM.Collect$$libshutdown$$0000000C  c_p.l(libshutdown2.o)
    0x08000142   0x08000142   0x00000000   Code   RO          615    .ARM.Collect$$libshutdown$$0000000F  c_p.l(libshutdown2.o)
    0x08000142   0x08000142   0x00000002   Code   RO          616    .ARM.Collect$$libshutdown$$00000010  c_p.l(libshutdown2.o)
    0x08000144   0x08000144   0x00000000   Code   RO          452    .ARM.Collect$$rtentry$$00000000  c_p.l(__rtentry.o)
    0x08000144   0x08000144   0x00000000   Code   RO          458    .ARM.Collect$$rtentry$$00000002  c_p.l(__rtentry2.o)
    0x08000144   0x08000144   0x00000006   Code   RO          470    .ARM.Collect$$rtentry$$00000004  c_p.l(__rtentry4.o)
    0x0800014a   0x0800014a   0x00000000   Code   RO          460    .ARM.Collect$$rtentry$$00000009  c_p.l(__rtentry2.o)
    0x0800014a   0x0800014a   0x00000004   Code   RO          461    .ARM.Collect$$rtentry$$0000000A  c_p.l(__rtentry2.o)
    0x0800014e   0x0800014e   0x00000000   Code   RO          463    .ARM.Collect$$rtentry$$0000000C  c_p.l(__rtentry2.o)
    0x0800014e   0x0800014e   0x00000008   Code   RO          464    .ARM.Collect$$rtentry$$0000000D  c_p.l(__rtentry2.o)
    0x08000156   0x08000156   0x00000002   Code   RO          493    .ARM.Collect$$rtexit$$00000000  c_p.l(rtexit.o)
    0x08000158   0x08000158   0x00000000   Code   RO          549    .ARM.Collect$$rtexit$$00000002  c_p.l(rtexit2.o)
    0x08000158   0x08000158   0x00000004   Code   RO          550    .ARM.Collect$$rtexit$$00000003  c_p.l(rtexit2.o)
    0x0800015c   0x0800015c   0x00000006   Code   RO          551    .ARM.Collect$$rtexit$$00000004  c_p.l(rtexit2.o)
    0x08000162   0x08000162   0x00000002   PAD
    0x08000164   0x08000164   0x00000074   Code   RO          403  * .text               startup_stm32f042x6.o
    0x080001d8   0x080001d8   0x00000030   Code   RO          442    .text               c_p.l(llmul.o)
    0x08000208   0x08000208   0x0000015a   Code   RO          444    .text               c_p.l(aeabi_sdiv.o)
    0x08000362   0x08000362   0x00000006   Code   RO          448    .text               c_p.l(heapauxi.o)
    0x08000368   0x08000368   0x0000003e   Code   RO          474    .text               c_p.l(sys_stackheap_outer.o)
    0x080003a6   0x080003a6   0x00000010   Code   RO          477    .text               c_p.l(exit.o)
    0x080003b6   0x080003b6   0x00000002   PAD
    0x080003b8   0x080003b8   0x00000008   Code   RO          489    .text               c_p.l(libspace.o)
    0x080003c0   0x080003c0   0x0000000c   Code   RO          546    .text               c_p.l(sys_exit.o)
    0x080003cc   0x080003cc   0x00000002   Code   RO          565    .text               c_p.l(use_no_semi.o)
    0x080003ce   0x080003ce   0x00000000   Code   RO          567    .text               c_p.l(indicate_semi.o)
    0x080003ce   0x080003ce   0x00000012   Code   RO          101    i.CMD               ssd1306.o
    0x080003e0   0x080003e0   0x00000028   Code   RO            3    i.EXTI0_1_IRQHandler  main.o
    0x08000408   0x08000408   0x00000044   Code   RO          103    i.I2C_Start         ssd1306.o
    0x0800044c   0x0800044c   0x00000044   Code   RO          104    i.I2C_Stop          ssd1306.o
    0x08000490   0x08000490   0x00000030   Code   RO          105    i.I2C_write         ssd1306.o
    0x080004c0   0x080004c0   0x00000060   Code   RO          106    i.LCD_Char          ssd1306.o
    0x08000520   0x08000520   0x0000003c   Code   RO          107    i.LCD_Clear         ssd1306.o
    0x0800055c   0x0800055c   0x0000005a   Code   RO          108    i.LCD_ClearStr      ssd1306.o
    0x080005b6   0x080005b6   0x0000003a   Code   RO          109    i.LCD_Gotoxy        ssd1306.o
    0x080005f0   0x080005f0   0x0000002c   Code   RO          110    i.LCD_Init          ssd1306.o
    0x0800061c   0x0800061c   0x0000007c   Code   RO          112    i.LCD_PrintDec      ssd1306.o
    0x08000698   0x08000698   0x000000bc   Code   RO          113    i.LCD_PrintHex      ssd1306.o
    0x08000754   0x08000754   0x0000001a   Code   RO          114    i.LCD_PrintStr      ssd1306.o
    0x0800076e   0x0800076e   0x0000000c   Code   RO          264    i.MFRC522_AntennaOff  rc522.o
    0x0800077a   0x0800077a   0x0000001c   Code   RO          265    i.MFRC522_AntennaOn  rc522.o
    0x08000796   0x08000796   0x00000048   Code   RO          266    i.MFRC522_Anticoll  rc522.o
    0x080007de   0x080007de   0x00000068   Code   RO          267    i.MFRC522_Auth      rc522.o
    0x08000846   0x08000846   0x00000062   Code   RO          268    i.MFRC522_CalculateCRC  rc522.o
    0x080008a8   0x080008a8   0x0000001a   Code   RO          270    i.MFRC522_ClearBitMask  rc522.o
    0x080008c2   0x080008c2   0x00000028   Code   RO          272    i.MFRC522_Halt      rc522.o
    0x080008ea   0x080008ea   0x00000044   Code   RO          273    i.MFRC522_Init      rc522.o
    0x0800092e   0x0800092e   0x0000003a   Code   RO          274    i.MFRC522_Read      rc522.o
    0x08000968   0x08000968   0x0000001a   Code   RO          275    i.MFRC522_ReadRegister  rc522.o
    0x08000982   0x08000982   0x00000034   Code   RO          276    i.MFRC522_Request   rc522.o
    0x080009b6   0x080009b6   0x0000000c   Code   RO          277    i.MFRC522_Reset     rc522.o
    0x080009c2   0x080009c2   0x0000005c   Code   RO          278    i.MFRC522_SelectTag  rc522.o
    0x08000a1e   0x08000a1e   0x0000001a   Code   RO          279    i.MFRC522_SetBitMask  rc522.o
    0x08000a38   0x08000a38   0x00000132   Code   RO          280    i.MFRC522_ToCard    rc522.o
    0x08000b6a   0x08000b6a   0x00000018   Code   RO          282    i.MFRC522_WriteRegister  rc522.o
    0x08000b82   0x08000b82   0x00000002   PAD
    0x08000b84   0x08000b84   0x00000090   Code   RO          283    i.SPI1_ReadReg      rc522.o
    0x08000c14   0x08000c14   0x0000008c   Code   RO          284    i.SPI1_WriteReg     rc522.o
    0x08000ca0   0x08000ca0   0x00000074   Code   RO          410    i.SystemInit        system_stm32f0xx.o
    0x08000d14   0x08000d14   0x00000024   Code   RO            4    i.TIM17_IRQHandler  main.o
    0x08000d38   0x08000d38   0x00000070   Code   RO            5    i.TimingDelayDec    main.o
    0x08000da8   0x08000da8   0x0000004c   Code   RO          116    i.WaitISRBitSet     ssd1306.o
    0x08000df4   0x08000df4   0x00000020   Code   RO            6    i.__NVIC_EnableIRQ  main.o
    0x08000e14   0x08000e14   0x00000078   Code   RO            7    i.__NVIC_SetPriority  main.o
    0x08000e8c   0x08000e8c   0x00000014   Code   RO            8    i.delay_ms          main.o
    0x08000ea0   0x08000ea0   0x000001e0   Code   RO            9    i.initial           main.o
    0x08001080   0x08001080   0x00000284   Code   RO           10    i.main              main.o
    0x08001304   0x08001304   0x00000472   Data   RO          124    .constdata          ssd1306.o
    0x08001776   0x08001776   0x00000002   PAD
    0x08001778   0x08001778   0x00000020   Data   RO          617    Region$$Table       anon$$obj.o


    Execution Region ER_RW (Exec base: 0x20000000, Load base: 0x08001798, Size: 0x00000114, Max: 0xffffffff, ABSOLUTE)

    Exec Addr    Load Addr    Size         Type   Attr      Idx    E Section Name        Object

    0x20000000   0x08001798   0x00000113   Data   RW           12    .data               main.o


    Execution Region ER_ZI (Exec base: 0x20000114, Load base: 0x080018ac, Size: 0x000006b4, Max: 0xffffffff, ABSOLUTE)

    Exec Addr    Load Addr    Size         Type   Attr      Idx    E Section Name        Object

    0x20000114        -       0x00000050   Zero   RW           11    .bss                main.o
    0x20000164        -       0x00000060   Zero   RW          490    .bss                c_p.l(libspace.o)
    0x200001c4   0x080018ac   0x00000004   PAD
    0x200001c8        -       0x00000200   Zero   RW          401    HEAP                startup_stm32f042x6.o
    0x200003c8        -       0x00000400   Zero   RW          400    STACK               startup_stm32f042x6.o


==============================================================================

Image component sizes


      Code (inc. data)   RO Data    RW Data    ZI Data      Debug   Object Name

      1484        210          0        275         80     373270   main.o
      1328         12          0          0          0      10705   rc522.o
       964         44       1138          0          0       8012   ssd1306.o
       116         56        192          0       1536        672   startup_stm32f042x6.o
       116         12          0          0          0        481   system_stm32f0xx.o

    ----------------------------------------------------------------------
      4010        334       1364        276       1616     393140   Object Totals
         0          0         32          0          0          0   (incl. Generated)
         2          0          2          1          0          0   (incl. Padding)

    ----------------------------------------------------------------------

      Code (inc. data)   RO Data    RW Data    ZI Data      Debug   Library Member Name

         8          0          0          0          0         68   __main.o
         0          0          0          0          0          0   __rtentry.o
        12          0          0          0          0          0   __rtentry2.o
         6          0          0          0          0          0   __rtentry4.o
        60          8          0          0          0          0   __scatter.o
        26          0          0          0          0          0   __scatter_copy.o
        28          0          0          0          0          0   __scatter_zi.o
       346          0          0          0          0         92   aeabi_sdiv.o
        16          0          0          0          0         68   exit.o
         6          0          0          0          0        136   heapauxi.o
         0          0          0          0          0          0   indicate_semi.o
         2          0          0          0          0          0   libinit.o
         2          0          0          0          0          0   libinit2.o
         2          0          0          0          0          0   libshutdown.o
         2          0          0          0          0          0   libshutdown2.o
         8          4          0          0         96         68   libspace.o
        48          0          0          0          0         72   llmul.o
         2          0          0          0          0          0   rtexit.o
        10          0          0          0          0          0   rtexit2.o
        12          4          0          0          0         60   sys_exit.o
        62          0          0          0          0         80   sys_stackheap_outer.o
         2          0          0          0          0         68   use_no_semi.o

    ----------------------------------------------------------------------
       666         16          0          0        100        712   Library Totals
         6          0          0          0          4          0   (incl. Padding)

    ----------------------------------------------------------------------

      Code (inc. data)   RO Data    RW Data    ZI Data      Debug   Library Name

       660         16          0          0         96        712   c_p.l

    ----------------------------------------------------------------------
       666         16          0          0        100        712   Library Totals

    ----------------------------------------------------------------------

==============================================================================


      Code (inc. data)   RO Data    RW Data    ZI Data      Debug   

      4676        350       1364        276       1716     391948   Grand Totals
      4676        350       1364        276       1716     391948   ELF Image Totals
      4676        350       1364        276          0          0   ROM Totals

==============================================================================

    Total RO  Size (Code + RO Data)                 6040 (   5.90kB)
    Total RW  Size (RW Data + ZI Data)              1992 (   1.95kB)
    Total ROM Size (Code + RO Data + RW Data)       6316 (   6.17kB)

==============================================================================

